2026-10-04T03:23:59: loading google/diffusiongemma-26B-A4B-it@f7f5b7f5fa82ffc52addd066915886d497f5517b via DiffusionGemmaForBlockDiffusion
2026-10-04T03:23:59: tokenizer google/diffusiongemma-26B-A4B-it@f7f5b7f5fa82ffc52addd066915886d497f5517b (serve parity)
2026-10-04T03:24:02: quantize=4bit
2026-10-04T03:33:13: gradient checkpointing: on
2026-10-04T03:33:13: LoRA attached: trainable=18,585,600 / total=25,558,907,952
2026-10-04T03:33:35: epoch=0 step=20 loss=0.2189
2026-10-04T03:33:56: epoch=0 step=40 loss=1.5190
2026-10-04T03:34:17: epoch=0 step=60 loss=0.0196
2026-10-04T03:34:37: epoch=0 step=80 loss=2.0948
2026-10-04T03:34:57: epoch=0 step=100 loss=0.1143
2026-10-04T03:35:17: epoch=0 step=120 loss=0.0333
2026-10-04T03:35:37: epoch=0 step=140 loss=0.0000
2026-10-04T03:35:58: epoch=0 step=160 loss=0.0001
2026-10-04T03:36:18: epoch=0 step=180 loss=0.0109
2026-10-04T03:36:38: epoch=0 step=200 loss=0.0000
2026-10-04T03:36:59: epoch=0 step=220 loss=0.0000
2026-10-04T03:37:20: epoch=0 step=240 loss=0.0000
2026-10-04T03:37:41: epoch=0 step=260 loss=0.0000
2026-10-04T03:38:01: epoch=0 step=280 loss=0.0000
2026-10-04T03:38:22: epoch=0 step=300 loss=0.1808
2026-10-04T03:38:42: epoch=0 step=320 loss=0.0000
2026-10-04T03:39:03: epoch=0 step=340 loss=0.0000
2026-10-04T03:39:24: epoch=0 step=360 loss=0.0001
2026-10-04T03:39:45: epoch=0 step=380 loss=0.0000
2026-10-04T03:40:06: epoch=0 step=400 loss=0.0002
2026-10-04T03:40:27: epoch=0 step=420 loss=0.0002
2026-10-04T03:40:47: epoch=0 step=440 loss=0.0001
2026-10-04T03:41:08: epoch=0 step=460 loss=0.0061
2026-10-04T03:41:29: epoch=0 step=480 loss=0.0031
2026-10-04T03:41:49: epoch=0 step=500 loss=0.0001
2026-10-04T03:42:09: epoch=0 step=520 loss=0.0021
2026-10-04T03:42:30: epoch=0 step=540 loss=0.0000
2026-10-04T03:42:51: epoch=0 step=560 loss=0.0000
2026-10-04T03:43:13: epoch=0 step=580 loss=0.0000
2026-10-04T03:43:33: epoch=0 step=600 loss=-0.0000
2026-10-04T03:43:54: epoch=0 step=620 loss=0.0005
2026-10-04T03:44:15: epoch=0 step=640 loss=0.0000
2026-10-04T03:44:36: epoch=0 step=660 loss=0.0045
2026-10-04T03:44:57: epoch=0 step=680 loss=0.0043
2026-10-04T03:45:18: epoch=0 step=700 loss=0.0004
2026-10-04T03:45:39: epoch=0 step=720 loss=0.0000
2026-10-04T03:45:59: epoch=0 step=740 loss=0.0000
2026-10-04T03:46:19: epoch=0 step=760 loss=0.0000
2026-10-04T03:46:39: epoch=0 step=780 loss=0.4567
2026-10-04T03:46:59: epoch=0 step=800 loss=0.7227
2026-10-04T03:47:20: epoch=0 step=820 loss=0.0012
2026-10-04T03:47:40: epoch=0 step=840 loss=1.3002
2026-10-04T03:48:00: epoch=0 step=860 loss=0.0000
2026-10-04T03:48:20: epoch=0 step=880 loss=0.0031
2026-10-04T03:48:41: epoch=0 step=900 loss=0.0000
2026-10-04T03:49:01: epoch=0 step=920 loss=0.0000
2026-10-04T03:49:21: epoch=0 step=940 loss=0.0000
2026-10-04T03:49:42: epoch=0 step=960 loss=0.0000
2026-10-04T03:50:03: epoch=0 step=980 loss=0.0000
2026-10-04T03:50:24: epoch=0 step=1000 loss=0.0000
2026-10-04T03:50:44: epoch=0 step=1020 loss=-0.0000
2026-10-04T03:51:05: epoch=0 step=1040 loss=0.8047
2026-10-04T03:51:25: epoch=0 step=1060 loss=0.0000
2026-10-04T03:51:45: epoch=0 step=1080 loss=0.0000
2026-10-04T03:52:05: epoch=0 step=1100 loss=0.0000
2026-10-04T03:52:25: epoch=0 step=1120 loss=0.0000
2026-10-04T03:52:45: epoch=0 step=1140 loss=0.0000
2026-10-04T03:53:06: epoch=0 step=1160 loss=0.0000
2026-10-04T03:53:26: epoch=0 step=1180 loss=0.0000
2026-10-04T03:53:48: epoch=0 step=1200 loss=0.0000
2026-10-04T03:54:10: epoch=0 step=1220 loss=0.0000
2026-10-04T03:54:31: epoch=0 step=1240 loss=-0.0000
2026-10-04T03:54:52: epoch=0 step=1260 loss=0.0000
2026-10-04T03:55:14: epoch=0 step=1280 loss=0.0000
2026-10-04T03:55:34: epoch=0 step=1300 loss=0.0000
2026-10-04T03:55:55: epoch=0 step=1320 loss=0.5976
2026-10-04T03:56:15: epoch=0 step=1340 loss=0.0018
2026-10-04T03:56:36: epoch=0 step=1360 loss=0.0000
2026-10-04T03:56:57: epoch=0 step=1380 loss=0.0000
2026-10-04T03:57:18: epoch=0 step=1400 loss=0.0000
2026-10-04T03:57:39: epoch=0 step=1420 loss=0.0000
2026-10-04T03:58:00: epoch=0 step=1440 loss=0.0007
2026-10-04T03:58:21: epoch=0 step=1460 loss=0.2850
2026-10-04T03:58:42: epoch=0 step=1480 loss=0.3376
2026-10-04T03:59:03: epoch=0 step=1500 loss=0.0000
2026-10-04T03:59:24: epoch=0 step=1520 loss=0.0000
2026-10-04T03:59:44: epoch=0 step=1540 loss=0.0000
2026-10-04T04:00:06: epoch=0 step=1560 loss=0.0000
2026-10-04T04:00:26: epoch=0 step=1580 loss=0.0000
2026-10-04T04:00:46: epoch=0 step=1600 loss=0.0001
2026-10-04T04:01:06: epoch=0 step=1620 loss=0.2998
2026-10-04T04:01:27: epoch=0 step=1640 loss=0.0000
2026-10-04T04:01:48: epoch=0 step=1660 loss=0.0028
2026-10-04T04:02:08: epoch=0 step=1680 loss=0.0000
2026-10-04T04:02:29: epoch=0 step=1700 loss=0.0000
2026-10-04T04:02:49: epoch=0 step=1720 loss=0.0000
2026-10-04T04:03:08: epoch=0 step=1740 loss=0.0003
2026-10-04T04:03:28: epoch=0 step=1760 loss=0.2464
2026-10-04T04:03:49: epoch=0 step=1780 loss=0.0000
2026-10-04T04:04:09: epoch=0 step=1800 loss=0.0000
2026-10-04T04:04:29: epoch=0 step=1820 loss=0.2335
2026-10-04T04:04:50: epoch=0 step=1840 loss=0.0000
2026-10-04T04:05:10: epoch=0 step=1860 loss=1.2035
2026-10-04T04:05:30: epoch=0 step=1880 loss=0.0000
2026-10-04T04:05:50: epoch=0 step=1900 loss=0.0000
2026-10-04T04:06:10: epoch=0 step=1920 loss=0.0020
2026-10-04T04:06:30: epoch=0 step=1940 loss=0.0000
2026-10-04T04:06:50: epoch=0 step=1960 loss=-0.0000
2026-10-04T04:07:10: epoch=0 step=1980 loss=0.2590
2026-10-04T04:07:31: epoch=0 step=2000 loss=0.0000
2026-10-04T04:07:52: epoch=0 step=2020 loss=0.0000
2026-10-04T04:08:12: epoch=0 step=2040 loss=0.0000
2026-10-04T04:08:32: epoch=0 step=2060 loss=0.0000
2026-10-04T04:08:53: epoch=0 step=2080 loss=-0.0000
2026-10-04T04:09:14: epoch=0 step=2100 loss=0.0000
2026-10-04T04:09:34: epoch=0 step=2120 loss=0.0000
2026-10-04T04:09:55: epoch=0 step=2140 loss=0.0000
2026-10-04T04:10:16: epoch=0 step=2160 loss=0.0000
2026-10-04T04:10:37: epoch=0 step=2180 loss=0.3814
2026-10-04T04:10:58: epoch=0 step=2200 loss=0.0000
2026-10-04T04:11:18: epoch=0 step=2220 loss=0.0000
2026-10-04T04:11:40: epoch=0 step=2240 loss=0.0000
2026-10-04T04:12:01: epoch=0 step=2260 loss=0.0001
2026-10-04T04:12:23: epoch=0 step=2280 loss=0.0000
2026-10-04T04:12:44: epoch=0 step=2300 loss=0.0000
2026-10-04T04:13:06: epoch=0 step=2320 loss=0.0000
2026-10-04T04:13:27: epoch=0 step=2340 loss=0.0029
2026-10-04T04:13:48: epoch=0 step=2360 loss=0.0000
2026-10-04T04:14:08: epoch=0 step=2380 loss=-0.0000
2026-10-04T04:14:29: epoch=0 step=2400 loss=0.0000
2026-10-04T04:14:50: epoch=0 step=2420 loss=0.0002
2026-10-04T04:15:11: epoch=0 step=2440 loss=0.0000
2026-10-04T04:15:33: epoch=0 step=2460 loss=0.0000
2026-10-04T04:15:53: epoch=0 step=2480 loss=0.0000
2026-10-04T04:16:14: epoch=0 step=2500 loss=0.0000
2026-10-04T04:16:36: epoch=0 step=2520 loss=0.0000
2026-10-04T04:16:56: epoch=0 step=2540 loss=0.0000
2026-10-04T04:17:17: epoch=0 step=2560 loss=0.0000
2026-10-04T04:17:38: epoch=0 step=2580 loss=0.0000
2026-10-04T04:17:59: epoch=0 step=2600 loss=0.0000
2026-10-04T04:18:20: epoch=0 step=2620 loss=0.0000
2026-10-04T04:18:40: epoch=0 step=2640 loss=0.0000
2026-10-04T04:19:01: epoch=0 step=2660 loss=0.4738
2026-10-04T04:19:21: epoch=0 step=2680 loss=0.0000
2026-10-04T04:19:43: epoch=0 step=2700 loss=0.0000
2026-10-04T04:20:03: epoch=0 step=2720 loss=0.0000
2026-10-04T04:20:24: epoch=0 step=2740 loss=-0.0000
2026-10-04T04:20:45: epoch=0 step=2760 loss=0.0000
2026-10-04T04:21:05: epoch=0 step=2780 loss=-0.0000
2026-10-04T04:21:26: epoch=0 step=2800 loss=0.0000
2026-10-04T04:21:47: epoch=0 step=2820 loss=0.0000
2026-10-04T04:22:08: epoch=0 step=2840 loss=0.0002
2026-10-04T04:22:29: epoch=0 step=2860 loss=0.0000
2026-10-04T04:22:50: epoch=0 step=2880 loss=0.0000
2026-10-04T04:23:11: epoch=0 step=2900 loss=5.8832
2026-10-04T04:23:32: epoch=0 step=2920 loss=0.0000
2026-10-04T04:23:53: epoch=0 step=2940 loss=0.0000
2026-10-04T04:24:14: epoch=0 step=2960 loss=0.0000
2026-10-04T04:24:36: epoch=0 step=2980 loss=0.0000
2026-10-04T04:24:58: epoch=0 step=3000 loss=0.0000
2026-10-04T04:25:19: epoch=0 step=3020 loss=0.0000
2026-10-04T04:25:41: epoch=0 step=3040 loss=0.0000
2026-10-04T04:26:02: epoch=0 step=3060 loss=0.0000
2026-10-04T04:26:23: epoch=0 step=3080 loss=0.0000
2026-10-04T04:26:43: epoch=0 step=3100 loss=0.0000
2026-10-04T04:27:04: epoch=0 step=3120 loss=0.0000
2026-10-04T04:27:24: epoch=0 step=3140 loss=0.0000
2026-10-04T04:27:44: epoch=0 step=3160 loss=0.0000
2026-10-04T04:28:04: epoch=0 step=3180 loss=0.0000
2026-10-04T04:28:25: epoch=0 step=3200 loss=0.1726
2026-10-04T04:28:45: epoch=0 step=3220 loss=0.0000
2026-10-04T04:29:06: epoch=0 step=3240 loss=0.0000
2026-10-04T04:29:26: epoch=0 step=3260 loss=0.0000
2026-10-04T04:29:47: epoch=0 step=3280 loss=0.0000
2026-10-04T04:30:08: epoch=0 step=3300 loss=0.0000
2026-10-04T04:30:28: epoch=0 step=3320 loss=0.0000
2026-10-04T04:30:48: epoch=0 step=3340 loss=0.0000
2026-10-04T04:31:10: epoch=0 step=3360 loss=0.0013
2026-10-04T04:31:30: epoch=0 step=3380 loss=0.0000
2026-10-04T04:31:52: epoch=0 step=3400 loss=0.0000
2026-10-04T04:32:12: epoch=0 step=3420 loss=0.0000
2026-10-04T04:32:34: epoch=0 step=3440 loss=0.8558
2026-10-04T04:32:54: epoch=0 step=3460 loss=0.1932
2026-10-04T04:33:15: epoch=0 step=3480 loss=0.0000
2026-10-04T04:33:36: epoch=0 step=3500 loss=0.0292
2026-10-04T04:33:57: epoch=0 step=3520 loss=0.0000
2026-10-04T04:34:17: epoch=0 step=3540 loss=0.4857
2026-10-04T04:34:39: epoch=0 step=3560 loss=0.2648
2026-10-04T04:34:58: epoch=0 step=3580 loss=0.0000
2026-10-04T04:35:19: epoch=0 step=3600 loss=0.0000
2026-10-04T04:35:40: epoch=0 step=3620 loss=0.0000
2026-10-04T04:36:00: epoch=0 step=3640 loss=0.0000
2026-10-04T04:36:21: epoch=0 step=3660 loss=0.0000
2026-10-04T04:36:42: epoch=0 step=3680 loss=0.0000
2026-10-04T04:37:03: epoch=0 step=3700 loss=0.0000
2026-10-04T04:37:25: epoch=0 step=3720 loss=0.0000
2026-10-04T04:37:46: epoch=0 step=3740 loss=0.0000
2026-10-04T04:38:07: epoch=0 step=3760 loss=0.0000
2026-10-04T04:38:29: epoch=0 step=3780 loss=0.0000
2026-10-04T04:38:50: epoch=0 step=3800 loss=0.0000
2026-10-04T04:39:10: epoch=0 step=3820 loss=0.0000
2026-10-04T04:39:30: epoch=0 step=3840 loss=0.0000
2026-10-04T04:39:52: epoch=0 step=3860 loss=0.4654
2026-10-04T04:40:14: epoch=0 step=3880 loss=0.5015
2026-10-04T04:40:35: epoch=0 step=3900 loss=0.7089
2026-10-04T04:40:57: epoch=0 step=3920 loss=0.0000
2026-10-04T04:41:18: epoch=0 step=3940 loss=0.0000
2026-10-04T04:41:38: epoch=0 step=3960 loss=0.0000
2026-10-04T04:41:59: epoch=0 step=3980 loss=0.7376
2026-10-04T04:42:20: epoch=0 step=4000 loss=0.2973
2026-10-04T04:42:40: epoch=0 step=4020 loss=0.0350
2026-10-04T04:43:01: epoch=0 step=4040 loss=0.0001
2026-10-04T04:43:22: epoch=0 step=4060 loss=0.0000
2026-10-04T04:43:43: epoch=0 step=4080 loss=0.0000
2026-10-04T04:44:04: epoch=0 step=4100 loss=0.0000
2026-10-04T04:44:25: epoch=0 step=4120 loss=0.0005
2026-10-04T04:44:46: epoch=0 step=4140 loss=0.0000
2026-10-04T04:45:06: epoch=0 step=4160 loss=0.0000
2026-10-04T04:45:26: epoch=0 step=4180 loss=0.0000
2026-10-04T04:45:48: epoch=0 step=4200 loss=0.0000
2026-10-04T04:46:09: epoch=0 step=4220 loss=0.0000
2026-10-04T04:46:31: epoch=0 step=4240 loss=0.0007
2026-10-04T04:46:52: epoch=0 step=4260 loss=0.0001
2026-10-04T04:47:13: epoch=0 step=4280 loss=0.0000
2026-10-04T04:47:34: epoch=0 step=4300 loss=0.3773
2026-10-04T04:47:55: epoch=0 step=4320 loss=0.2990
2026-10-04T04:48:16: epoch=0 step=4340 loss=0.0000
2026-10-04T04:48:37: epoch=0 step=4360 loss=0.0003
2026-10-04T04:48:58: epoch=0 step=4380 loss=0.0000
2026-10-04T04:49:20: epoch=0 step=4400 loss=0.0000
2026-10-04T04:49:41: epoch=0 step=4420 loss=0.0001
2026-10-04T04:50:01: epoch=0 step=4440 loss=0.0000
2026-10-04T04:50:22: epoch=0 step=4460 loss=0.0000
2026-10-04T04:50:43: epoch=0 step=4480 loss=0.0000
2026-10-04T04:51:05: epoch=0 step=4500 loss=0.0000
2026-10-04T04:51:26: epoch=0 step=4520 loss=-0.0000
2026-10-04T04:51:47: epoch=0 step=4540 loss=0.0000
2026-10-04T04:52:08: epoch=0 step=4560 loss=0.0003
2026-10-04T04:52:29: epoch=0 step=4580 loss=0.0000
2026-10-04T04:52:50: epoch=0 step=4600 loss=0.0004
2026-10-04T04:53:11: epoch=0 step=4620 loss=0.0000
2026-10-04T04:53:31: epoch=0 step=4640 loss=0.0001
2026-10-04T04:53:52: epoch=0 step=4660 loss=0.0000
2026-10-04T04:54:13: epoch=0 step=4680 loss=0.0001
2026-10-04T04:54:34: epoch=0 step=4700 loss=0.0000
2026-10-04T04:54:55: epoch=0 step=4720 loss=0.0000
2026-10-04T04:55:16: epoch=0 step=4740 loss=0.0000
2026-10-04T04:55:37: epoch=0 step=4760 loss=0.0000
2026-10-04T04:55:57: epoch=0 step=4780 loss=2.4668
2026-10-04T04:56:18: epoch=0 step=4800 loss=0.0000
2026-10-04T04:56:40: epoch=0 step=4820 loss=0.0001
2026-10-04T04:57:01: epoch=0 step=4840 loss=0.9019
2026-10-04T04:57:22: epoch=0 step=4860 loss=0.0003
2026-10-04T04:57:43: epoch=0 step=4880 loss=0.0000
2026-10-04T04:58:04: epoch=0 step=4900 loss=0.0000
2026-10-04T04:58:25: epoch=0 step=4920 loss=0.0000
2026-10-04T04:58:45: epoch=0 step=4940 loss=0.0000
2026-10-04T04:59:04: epoch=0 step=4960 loss=0.0000
2026-10-04T04:59:25: epoch=0 step=4980 loss=0.0000
2026-10-04T04:59:46: epoch=0 step=5000 loss=0.0000
2026-10-04T05:00:07: epoch=0 step=5020 loss=0.0000
2026-10-04T05:00:28: epoch=0 step=5040 loss=0.0000
2026-10-04T05:00:50: epoch=0 step=5060 loss=0.0263
2026-10-04T05:01:11: epoch=0 step=5080 loss=0.0000
2026-10-04T05:01:32: epoch=0 step=5100 loss=0.0000
2026-10-04T05:01:52: epoch=0 step=5120 loss=0.7273
2026-10-04T05:02:13: epoch=0 step=5140 loss=0.0001
2026-10-04T05:02:34: epoch=0 step=5160 loss=0.0000
2026-10-04T05:02:55: epoch=0 step=5180 loss=0.0000
2026-10-04T05:03:16: epoch=0 step=5200 loss=0.0025
2026-10-04T05:03:36: epoch=0 step=5220 loss=0.5178
2026-10-04T05:03:57: epoch=0 step=5240 loss=0.0000
2026-10-04T05:04:18: epoch=0 step=5260 loss=0.0000
2026-10-04T05:04:39: epoch=0 step=5280 loss=0.0000
2026-10-04T05:05:00: epoch=0 step=5300 loss=0.0000
2026-10-04T05:05:21: epoch=0 step=5320 loss=0.0003
2026-10-04T05:05:42: epoch=0 step=5340 loss=0.0000
2026-10-04T05:06:02: epoch=0 step=5360 loss=0.0000
2026-10-04T05:06:23: epoch=0 step=5380 loss=0.0002
2026-10-04T05:06:45: epoch=0 step=5400 loss=0.0000
2026-10-04T05:07:06: epoch=0 step=5420 loss=1.6910
2026-10-04T05:07:26: epoch=0 step=5440 loss=0.0001
2026-10-04T05:07:47: epoch=0 step=5460 loss=0.0543
2026-10-04T05:08:07: epoch=0 step=5480 loss=0.0000
2026-10-04T05:08:29: epoch=0 step=5500 loss=0.0000
2026-10-04T05:08:49: epoch=0 step=5520 loss=0.0000
2026-10-04T05:09:10: epoch=0 step=5540 loss=0.0000
2026-10-04T05:09:30: epoch=0 step=5560 loss=0.0000
2026-10-04T05:09:52: epoch=0 step=5580 loss=0.0000
2026-10-04T05:10:13: epoch=0 step=5600 loss=0.0000
2026-10-04T05:10:34: epoch=0 step=5620 loss=0.0000
2026-10-04T05:10:55: epoch=0 step=5640 loss=0.0002
2026-10-04T05:11:16: epoch=0 step=5660 loss=0.0000
2026-10-04T05:11:36: epoch=0 step=5680 loss=0.0000
2026-10-04T05:11:57: epoch=0 step=5700 loss=0.0000
2026-10-04T05:12:18: epoch=0 step=5720 loss=0.0000
2026-10-04T05:12:39: epoch=0 step=5740 loss=0.0000
2026-10-04T05:12:58: epoch=0 step=5760 loss=0.0000
2026-10-04T05:13:20: epoch=0 step=5780 loss=0.0158
2026-10-04T05:13:40: epoch=0 step=5800 loss=0.0000
2026-10-04T05:14:01: epoch=0 step=5820 loss=0.0000
2026-10-04T05:14:23: epoch=0 step=5840 loss=0.0001
2026-10-04T05:14:44: epoch=0 step=5860 loss=0.0000
2026-10-04T05:15:06: epoch=0 step=5880 loss=0.0000
2026-10-04T05:15:27: epoch=0 step=5900 loss=0.0000
2026-10-04T05:15:49: epoch=0 step=5920 loss=0.0000
2026-10-04T05:16:10: epoch=0 step=5940 loss=0.0008
2026-10-04T05:16:32: epoch=0 step=5960 loss=0.0001
2026-10-04T05:16:54: epoch=0 step=5980 loss=0.0000
2026-10-04T05:17:16: epoch=0 step=6000 loss=0.0000
2026-10-04T05:17:38: epoch=0 step=6020 loss=0.0000
2026-10-04T05:18:00: epoch=0 step=6040 loss=0.0000
2026-10-04T05:18:21: epoch=0 step=6060 loss=0.0000
2026-10-04T05:18:43: epoch=0 step=6080 loss=0.0000
2026-10-04T05:19:05: epoch=0 step=6100 loss=0.3179
2026-10-04T05:19:26: epoch=0 step=6120 loss=0.0000
2026-10-04T05:19:48: epoch=0 step=6140 loss=0.0000
2026-10-04T05:20:09: epoch=0 step=6160 loss=0.0005
2026-10-04T05:20:31: epoch=0 step=6180 loss=0.0000
2026-10-04T05:20:52: epoch=0 step=6200 loss=0.0000
2026-10-04T05:21:13: epoch=0 step=6220 loss=0.0001
2026-10-04T05:21:34: epoch=0 step=6240 loss=0.0000
2026-10-04T05:21:55: epoch=0 step=6260 loss=0.1864
2026-10-04T05:22:16: epoch=0 step=6280 loss=-0.0000
2026-10-04T05:22:37: epoch=0 step=6300 loss=0.0000
2026-10-04T05:22:58: epoch=0 step=6320 loss=0.0000
2026-10-04T05:23:19: epoch=0 step=6340 loss=0.0000
2026-10-04T05:23:39: epoch=0 step=6360 loss=0.0000
2026-10-04T05:23:59: epoch=0 step=6380 loss=0.9957
2026-10-04T05:24:20: epoch=0 step=6400 loss=0.0000
2026-10-04T05:24:41: epoch=0 step=6420 loss=0.0000
2026-10-04T05:25:01: epoch=0 step=6440 loss=0.0000
2026-10-04T05:25:22: epoch=0 step=6460 loss=0.0000
2026-10-04T05:25:43: epoch=0 step=6480 loss=0.0000
2026-10-04T05:26:05: epoch=0 step=6500 loss=0.0000
2026-10-04T05:26:26: epoch=0 step=6520 loss=0.0000
2026-10-04T05:26:47: epoch=0 step=6540 loss=0.0001
2026-10-04T05:27:08: epoch=0 step=6560 loss=0.0005
2026-10-04T05:27:28: epoch=0 step=6580 loss=0.0000
2026-10-04T05:27:50: epoch=0 step=6600 loss=0.0000
2026-10-04T05:28:11: epoch=0 step=6620 loss=0.0000
2026-10-04T05:28:31: epoch=0 step=6640 loss=0.0000
2026-10-04T05:28:53: epoch=0 step=6660 loss=-0.0000
2026-10-04T05:29:14: epoch=0 step=6680 loss=0.0000
2026-10-04T05:29:35: epoch=0 step=6700 loss=0.2056
2026-10-04T05:29:56: epoch=0 step=6720 loss=0.0000
2026-10-04T05:30:17: epoch=0 step=6740 loss=0.0000
2026-10-04T05:30:37: epoch=0 step=6760 loss=0.0000
2026-10-04T05:30:58: epoch=0 step=6780 loss=0.0000
2026-10-04T05:31:19: epoch=0 step=6800 loss=0.0000
2026-10-04T05:31:39: epoch=0 step=6820 loss=0.0016
2026-10-04T05:32:00: epoch=0 step=6840 loss=1.7335
2026-10-04T05:32:21: epoch=0 step=6860 loss=-0.0000
2026-10-04T05:32:43: epoch=0 step=6880 loss=0.0001
2026-10-04T05:33:04: epoch=0 step=6900 loss=0.0003
2026-10-04T05:33:25: epoch=0 step=6920 loss=0.0000
2026-10-04T05:33:45: epoch=0 step=6940 loss=0.0001
2026-10-04T05:34:06: epoch=0 step=6960 loss=0.0000
2026-10-04T05:34:27: epoch=0 step=6980 loss=0.0000
2026-10-04T05:34:49: epoch=0 step=7000 loss=0.0000
2026-10-04T05:35:10: epoch=0 step=7020 loss=0.0000
2026-10-04T05:35:31: epoch=0 step=7040 loss=0.0000
2026-10-04T05:35:51: epoch=0 step=7060 loss=0.0000
2026-10-04T05:36:12: epoch=0 step=7080 loss=0.0000
2026-10-04T05:36:32: epoch=0 step=7100 loss=0.0017
2026-10-04T05:36:54: epoch=0 step=7120 loss=0.0000
2026-10-04T05:37:15: epoch=0 step=7140 loss=0.0000
2026-10-04T05:37:36: epoch=0 step=7160 loss=0.0003
2026-10-04T05:37:57: epoch=0 step=7180 loss=0.0001
2026-10-04T05:38:19: epoch=0 step=7200 loss=0.0000
2026-10-04T05:38:39: epoch=0 step=7220 loss=0.0000
2026-10-04T05:39:01: epoch=0 step=7240 loss=0.3168
2026-10-04T05:39:22: epoch=0 step=7260 loss=0.0000
2026-10-04T05:39:43: epoch=0 step=7280 loss=0.0000
2026-10-04T05:40:04: epoch=0 step=7300 loss=0.0000
2026-10-04T05:40:25: epoch=0 step=7320 loss=0.0000
2026-10-04T05:40:46: epoch=0 step=7340 loss=0.0025
2026-10-04T05:41:07: epoch=0 step=7360 loss=0.0000
2026-10-04T05:41:28: epoch=0 step=7380 loss=0.0000
2026-10-04T05:41:49: epoch=0 step=7400 loss=0.0000
2026-10-04T05:42:09: epoch=0 step=7420 loss=0.0000
2026-10-04T05:42:30: epoch=0 step=7440 loss=0.0000
2026-10-04T05:42:50: epoch=0 step=7460 loss=0.0000
2026-10-04T05:43:11: epoch=0 step=7480 loss=0.0000
2026-10-04T05:43:32: epoch=0 step=7500 loss=0.0000
2026-10-04T05:43:53: epoch=0 step=7520 loss=0.0000
2026-10-04T05:44:14: epoch=0 step=7540 loss=0.0000
2026-10-04T05:44:35: epoch=0 step=7560 loss=0.0000
2026-10-04T05:44:55: epoch=0 step=7580 loss=0.2554
2026-10-04T05:45:16: epoch=0 step=7600 loss=0.0000
2026-10-04T05:45:36: epoch=0 step=7620 loss=0.0000
2026-10-04T05:45:56: epoch=0 step=7640 loss=0.0000
2026-10-04T05:46:16: epoch=0 step=7660 loss=0.0000
2026-10-04T05:46:37: epoch=0 step=7680 loss=0.0001
2026-10-04T05:46:57: epoch=0 step=7700 loss=0.0001
2026-10-04T05:47:18: epoch=0 step=7720 loss=0.0000
2026-10-04T05:47:39: epoch=0 step=7740 loss=0.0000
2026-10-04T05:48:00: epoch=0 step=7760 loss=0.0038
2026-10-04T05:48:21: epoch=0 step=7780 loss=0.0559
2026-10-04T05:48:42: epoch=0 step=7800 loss=0.0000
2026-10-04T05:49:03: epoch=0 step=7820 loss=1.8684
2026-10-04T05:49:24: epoch=0 step=7840 loss=0.0000
2026-10-04T05:49:44: epoch=0 step=7860 loss=0.0001
2026-10-04T05:50:04: epoch=0 step=7880 loss=0.0000
2026-10-04T05:50:25: epoch=0 step=7900 loss=0.0998
2026-10-04T05:50:46: epoch=0 step=7920 loss=0.0001
2026-10-04T05:51:08: epoch=0 step=7940 loss=0.3256
2026-10-04T05:51:28: epoch=0 step=7960 loss=0.0000
2026-10-04T05:51:48: epoch=0 step=7980 loss=0.0000
2026-10-04T05:52:08: epoch=0 step=8000 loss=0.0000
2026-10-04T05:52:29: epoch=0 step=8020 loss=0.0005
2026-10-04T05:52:50: epoch=0 step=8040 loss=0.0000
2026-10-04T05:53:11: epoch=0 step=8060 loss=0.0279
2026-10-04T05:53:32: epoch=0 step=8080 loss=0.0000
2026-10-04T05:53:53: epoch=0 step=8100 loss=1.1268
2026-10-04T05:54:14: epoch=0 step=8120 loss=0.0000
2026-10-04T05:54:34: epoch=0 step=8140 loss=0.0000
2026-10-04T05:54:55: epoch=0 step=8160 loss=0.0000
2026-10-04T05:55:15: epoch=0 step=8180 loss=0.0000
2026-10-04T05:55:36: epoch=0 step=8200 loss=0.0000
2026-10-04T05:55:57: epoch=0 step=8220 loss=0.0000
2026-10-04T05:56:18: epoch=0 step=8240 loss=0.0000
2026-10-04T05:56:39: epoch=0 step=8260 loss=0.0000
2026-10-04T05:56:59: epoch=0 step=8280 loss=0.0000
2026-10-04T05:57:21: epoch=0 step=8300 loss=0.0000
2026-10-04T05:57:43: epoch=0 step=8320 loss=0.0000
2026-10-04T05:58:04: epoch=0 step=8340 loss=0.0000
2026-10-04T05:58:26: epoch=0 step=8360 loss=0.0000
2026-10-04T05:58:46: epoch=0 step=8380 loss=0.0000
2026-10-04T05:59:08: epoch=0 step=8400 loss=0.0000
2026-10-04T05:59:29: epoch=0 step=8420 loss=0.0000
2026-10-04T05:59:51: epoch=0 step=8440 loss=0.0000
2026-10-04T06:00:11: epoch=0 step=8460 loss=0.2699
2026-10-04T06:00:32: epoch=0 step=8480 loss=0.0000
2026-10-04T06:00:52: epoch=0 step=8500 loss=0.0000
2026-10-04T06:01:13: epoch=0 step=8520 loss=0.0001
2026-10-04T06:01:35: epoch=0 step=8540 loss=0.0000
2026-10-04T06:01:55: epoch=0 step=8560 loss=0.0000
2026-10-04T06:02:15: epoch=0 step=8580 loss=0.0000
2026-10-04T06:02:36: epoch=0 step=8600 loss=0.0000
2026-10-04T06:02:56: epoch=0 step=8620 loss=0.0005
2026-10-04T06:03:15: epoch=0 step=8640 loss=0.0001
2026-10-04T06:03:35: epoch=0 step=8660 loss=0.6080
2026-10-04T06:03:55: epoch=0 step=8680 loss=0.0252
2026-10-04T06:04:16: epoch=0 step=8700 loss=0.1658
2026-10-04T06:04:37: epoch=0 step=8720 loss=0.0001
2026-10-04T06:04:58: epoch=0 step=8740 loss=0.0000
2026-10-04T06:05:19: epoch=0 step=8760 loss=0.0000
2026-10-04T06:05:39: epoch=0 step=8780 loss=0.0001
2026-10-04T06:06:00: epoch=0 step=8800 loss=0.4768
2026-10-04T06:06:20: epoch=0 step=8820 loss=0.0000
2026-10-04T06:06:40: epoch=0 step=8840 loss=0.0000
2026-10-04T06:07:01: epoch=0 step=8860 loss=0.0000
2026-10-04T06:07:22: epoch=0 step=8880 loss=0.0000
2026-10-04T06:07:43: epoch=0 step=8900 loss=0.0000
2026-10-04T06:08:04: epoch=0 step=8920 loss=0.0000
2026-10-04T06:08:25: epoch=0 step=8940 loss=0.0001
2026-10-04T06:08:45: epoch=0 step=8960 loss=0.0000
2026-10-04T06:09:06: epoch=0 step=8980 loss=0.0448
2026-10-04T06:09:27: epoch=0 step=9000 loss=0.0000
2026-10-04T06:09:47: epoch=0 step=9020 loss=0.0000
2026-10-04T06:10:08: epoch=0 step=9040 loss=0.0000
2026-10-04T06:10:29: epoch=0 step=9060 loss=0.0101
2026-10-04T06:10:49: epoch=0 step=9080 loss=0.0000
2026-10-04T06:11:10: epoch=0 step=9100 loss=0.0000
2026-10-04T06:11:31: epoch=0 step=9120 loss=0.0000
2026-10-04T06:11:52: epoch=0 step=9140 loss=0.0000
2026-10-04T06:12:12: epoch=0 step=9160 loss=0.0000
2026-10-04T06:12:34: epoch=0 step=9180 loss=0.0000
2026-10-04T06:12:56: epoch=0 step=9200 loss=0.0000
2026-10-04T06:13:17: epoch=0 step=9220 loss=0.0084
2026-10-04T06:13:38: epoch=0 step=9240 loss=0.0000
2026-10-04T06:13:59: epoch=0 step=9260 loss=0.0000
2026-10-04T06:14:20: epoch=0 step=9280 loss=0.0000
2026-10-04T06:14:40: epoch=0 step=9300 loss=0.0000
2026-10-04T06:15:01: epoch=0 step=9320 loss=0.1708
2026-10-04T06:15:21: epoch=0 step=9340 loss=0.0003
2026-10-04T06:15:42: epoch=0 step=9360 loss=0.0000
2026-10-04T06:16:03: epoch=0 step=9380 loss=0.0000
2026-10-04T06:16:24: epoch=0 step=9400 loss=0.0000
2026-10-04T06:16:46: epoch=0 step=9420 loss=0.0000
2026-10-04T06:17:07: epoch=0 step=9440 loss=0.0000
2026-10-04T06:17:29: epoch=0 step=9460 loss=0.0000
2026-10-04T06:17:50: epoch=0 step=9480 loss=0.0000
2026-10-04T06:18:11: epoch=0 step=9500 loss=0.0000
2026-10-04T06:18:32: epoch=0 step=9520 loss=0.0000
2026-10-04T06:18:53: epoch=0 step=9540 loss=0.6142
2026-10-04T06:19:13: epoch=0 step=9560 loss=0.0000
2026-10-04T06:19:34: epoch=0 step=9580 loss=0.0000
2026-10-04T06:19:55: epoch=0 step=9600 loss=0.0000
2026-10-04T06:20:16: epoch=0 step=9620 loss=0.0000
2026-10-04T06:20:37: epoch=0 step=9640 loss=0.0000
2026-10-04T06:20:58: epoch=0 step=9660 loss=0.0000
2026-10-04T06:21:20: epoch=0 step=9680 loss=-0.0000
2026-10-04T06:21:41: epoch=0 step=9700 loss=0.0904
2026-10-04T06:22:03: epoch=0 step=9720 loss=0.4966
2026-10-04T06:22:24: epoch=0 step=9740 loss=0.0000
2026-10-04T06:22:45: epoch=0 step=9760 loss=0.0005
2026-10-04T06:23:06: epoch=0 step=9780 loss=0.0000
2026-10-04T06:23:26: epoch=0 step=9800 loss=0.0000
2026-10-04T06:23:47: epoch=0 step=9820 loss=0.0000
2026-10-04T06:24:08: epoch=0 step=9840 loss=0.0000
2026-10-04T06:24:29: epoch=0 step=9860 loss=0.0000
2026-10-04T06:24:49: epoch=0 step=9880 loss=0.0000
2026-10-04T06:25:10: epoch=0 step=9900 loss=0.0001
2026-10-04T06:25:31: epoch=0 step=9920 loss=0.0001
2026-10-04T06:25:53: epoch=0 step=9940 loss=-0.0000
2026-10-04T06:26:13: epoch=0 step=9960 loss=1.9669
2026-10-04T06:26:34: epoch=0 step=9980 loss=0.0000
2026-10-04T06:26:56: epoch=0 step=10000 loss=1.6998
2026-10-04T06:27:17: epoch=0 step=10020 loss=0.0000
2026-10-04T06:27:38: epoch=0 step=10040 loss=0.0000
2026-10-04T06:27:59: epoch=0 step=10060 loss=0.0000
2026-10-04T06:28:20: epoch=0 step=10080 loss=0.0001
2026-10-04T06:28:41: epoch=0 step=10100 loss=0.0000
2026-10-04T06:29:01: epoch=0 step=10120 loss=0.0000
2026-10-04T06:29:23: epoch=0 step=10140 loss=0.4341
2026-10-04T06:29:44: epoch=0 step=10160 loss=0.9191
2026-10-04T06:30:06: epoch=0 step=10180 loss=0.0000
2026-10-04T06:30:27: epoch=0 step=10200 loss=0.0000
2026-10-04T06:30:47: epoch=0 step=10220 loss=0.0000
2026-10-04T06:31:08: epoch=0 step=10240 loss=0.0002
2026-10-04T06:31:28: epoch=0 step=10260 loss=0.0000
2026-10-04T06:31:48: epoch=0 step=10280 loss=0.0760
2026-10-04T06:32:09: epoch=0 step=10300 loss=0.5430
2026-10-04T06:32:30: epoch=0 step=10320 loss=0.0000
2026-10-04T06:32:52: epoch=0 step=10340 loss=0.0000
2026-10-04T06:33:14: epoch=0 step=10360 loss=0.4042
2026-10-04T06:33:34: epoch=0 step=10380 loss=0.0000
2026-10-04T06:33:55: epoch=0 step=10400 loss=0.0000
2026-10-04T06:34:16: epoch=0 step=10420 loss=0.0000
2026-10-04T06:34:35: epoch=0 step=10440 loss=0.0000
2026-10-04T06:34:56: epoch=0 step=10460 loss=0.0000
2026-10-04T06:35:17: epoch=0 step=10480 loss=0.0000
2026-10-04T06:35:38: epoch=0 step=10500 loss=0.8022
2026-10-04T06:35:59: epoch=0 step=10520 loss=0.0005
2026-10-04T06:36:20: epoch=0 step=10540 loss=0.0000
2026-10-04T06:36:41: epoch=0 step=10560 loss=0.0000
2026-10-04T06:37:01: epoch=0 step=10580 loss=0.0000
2026-10-04T06:37:21: epoch=0 step=10600 loss=0.7548
2026-10-04T06:37:42: epoch=0 step=10620 loss=0.0000
2026-10-04T06:38:03: epoch=0 step=10640 loss=0.0000
2026-10-04T06:38:23: epoch=0 step=10660 loss=0.0000
2026-10-04T06:38:44: epoch=0 step=10680 loss=0.0000
2026-10-04T06:39:05: epoch=0 step=10700 loss=0.0000
2026-10-04T06:39:26: epoch=0 step=10720 loss=0.0249
2026-10-04T06:39:47: epoch=0 step=10740 loss=0.0000
2026-10-04T06:40:07: epoch=0 step=10760 loss=0.0000
2026-10-04T06:40:27: epoch=0 step=10780 loss=0.0000
2026-10-04T06:40:48: epoch=0 step=10800 loss=0.0000
2026-10-04T06:41:09: epoch=0 step=10820 loss=0.1862
2026-10-04T06:41:30: epoch=0 step=10840 loss=0.0000
2026-10-04T06:41:51: epoch=0 step=10860 loss=1.1277
2026-10-04T06:42:12: epoch=0 step=10880 loss=0.0000
2026-10-04T06:42:33: epoch=0 step=10900 loss=0.8929
2026-10-04T06:42:54: epoch=0 step=10920 loss=0.0000
2026-10-04T06:43:14: epoch=0 step=10940 loss=0.0000
2026-10-04T06:43:35: epoch=0 step=10960 loss=0.0011
2026-10-04T06:43:56: epoch=0 step=10980 loss=0.0000
2026-10-04T06:44:17: epoch=0 step=11000 loss=-0.0000
2026-10-04T06:44:38: epoch=0 step=11020 loss=0.0000
2026-10-04T06:44:59: epoch=0 step=11040 loss=0.0000
2026-10-04T06:45:20: epoch=0 step=11060 loss=0.0000
2026-10-04T06:45:40: epoch=0 step=11080 loss=0.0002
2026-10-04T06:46:02: epoch=0 step=11100 loss=0.0000
2026-10-04T06:46:22: epoch=0 step=11120 loss=0.0000
2026-10-04T06:46:42: epoch=0 step=11140 loss=0.0002
2026-10-04T06:47:04: epoch=0 step=11160 loss=0.0000
2026-10-04T06:47:25: epoch=0 step=11180 loss=0.0000
2026-10-04T06:47:46: epoch=0 step=11200 loss=0.0012
2026-10-04T06:48:06: epoch=0 step=11220 loss=0.0001
2026-10-04T06:48:26: epoch=0 step=11240 loss=0.0000
2026-10-04T06:48:47: epoch=0 step=11260 loss=0.0000
2026-10-04T06:49:08: epoch=0 step=11280 loss=0.0000
2026-10-04T06:49:29: epoch=0 step=11300 loss=0.0000
2026-10-04T06:49:50: epoch=0 step=11320 loss=0.0000
2026-10-04T06:50:11: epoch=0 step=11340 loss=0.1921
2026-10-04T06:50:32: epoch=0 step=11360 loss=0.0000
2026-10-04T06:50:52: epoch=0 step=11380 loss=0.0000
2026-10-04T06:51:13: epoch=0 step=11400 loss=0.0000
2026-10-04T06:51:35: epoch=0 step=11420 loss=0.0000
2026-10-04T06:51:55: epoch=0 step=11440 loss=0.0000
2026-10-04T06:52:16: epoch=0 step=11460 loss=0.3365
2026-10-04T06:52:37: epoch=0 step=11480 loss=0.0000
2026-10-04T06:52:58: epoch=0 step=11500 loss=0.0000
2026-10-04T06:53:19: epoch=0 step=11520 loss=0.0000
2026-10-04T06:53:39: epoch=0 step=11540 loss=0.0000
2026-10-04T06:53:59: epoch=0 step=11560 loss=0.0000
2026-10-04T06:54:20: epoch=0 step=11580 loss=0.0000
2026-10-04T06:54:41: epoch=0 step=11600 loss=0.0001
2026-10-04T06:55:02: epoch=0 step=11620 loss=0.0000
2026-10-04T06:55:22: epoch=0 step=11640 loss=0.0000
2026-10-04T06:55:43: epoch=0 step=11660 loss=0.0000
2026-10-04T06:56:03: epoch=0 step=11680 loss=0.0000
2026-10-04T06:56:24: epoch=0 step=11700 loss=0.0000
2026-10-04T06:56:44: epoch=0 step=11720 loss=0.0000
2026-10-04T06:57:05: epoch=0 step=11740 loss=0.0000
2026-10-04T06:57:26: epoch=0 step=11760 loss=0.0000
2026-10-04T06:57:48: epoch=0 step=11780 loss=0.0000
2026-10-04T06:58:09: epoch=0 step=11800 loss=0.0000
2026-10-04T06:58:30: epoch=0 step=11820 loss=1.0967
2026-10-04T06:58:51: epoch=0 step=11840 loss=0.0000
2026-10-04T06:59:11: epoch=0 step=11860 loss=0.0000
2026-10-04T06:59:32: epoch=0 step=11880 loss=0.0003
2026-10-04T06:59:52: epoch=0 step=11900 loss=0.0000
2026-10-04T07:00:13: epoch=0 step=11920 loss=0.0000
2026-10-04T07:00:34: epoch=0 step=11940 loss=0.0002
2026-10-04T07:00:55: epoch=0 step=11960 loss=0.0000
2026-10-04T07:01:15: epoch=0 step=11980 loss=-0.0000
2026-10-04T07:01:36: epoch=0 step=12000 loss=0.0000
2026-10-04T07:01:57: epoch=0 step=12020 loss=0.0000
2026-10-04T07:02:18: epoch=0 step=12040 loss=0.0000
2026-10-04T07:02:38: epoch=0 step=12060 loss=0.0000
2026-10-04T07:02:59: epoch=0 step=12080 loss=0.1537
2026-10-04T07:03:19: epoch=0 step=12100 loss=0.0000
2026-10-04T07:03:40: epoch=0 step=12120 loss=0.0000
2026-10-04T07:04:01: epoch=0 step=12140 loss=0.0002
2026-10-04T07:04:22: epoch=0 step=12160 loss=0.4954
2026-10-04T07:04:43: epoch=0 step=12180 loss=0.0001
2026-10-04T07:05:04: epoch=0 step=12200 loss=0.0000
2026-10-04T07:05:25: epoch=0 step=12220 loss=0.0179
2026-10-04T07:05:46: epoch=0 step=12240 loss=0.0000
2026-10-04T07:06:07: epoch=0 step=12260 loss=0.0000
2026-10-04T07:06:28: epoch=0 step=12280 loss=0.2531
2026-10-04T07:06:50: epoch=0 step=12300 loss=0.0000
2026-10-04T07:07:11: epoch=0 step=12320 loss=0.0000
2026-10-04T07:07:31: epoch=0 step=12340 loss=0.3161
2026-10-04T07:07:53: epoch=0 step=12360 loss=0.0017
2026-10-04T07:08:13: epoch=0 step=12380 loss=0.0000
2026-10-04T07:08:34: epoch=0 step=12400 loss=0.0000
2026-10-04T07:08:54: epoch=0 step=12420 loss=0.0000
2026-10-04T07:09:15: epoch=0 step=12440 loss=0.0000
2026-10-04T07:09:36: epoch=0 step=12460 loss=0.1074
2026-10-04T07:09:56: epoch=0 step=12480 loss=0.0000
2026-10-04T07:10:16: epoch=0 step=12500 loss=0.1980
2026-10-04T07:10:36: epoch=0 step=12520 loss=0.0001
2026-10-04T07:10:56: epoch=0 step=12540 loss=0.9501
2026-10-04T07:11:17: epoch=0 step=12560 loss=0.0129
2026-10-04T07:11:38: epoch=0 step=12580 loss=0.0000
2026-10-04T07:11:58: epoch=0 step=12600 loss=0.0000
2026-10-04T07:12:19: epoch=0 step=12620 loss=0.0000
2026-10-04T07:12:39: epoch=0 step=12640 loss=0.0000
2026-10-04T07:13:00: epoch=0 step=12660 loss=0.0009
2026-10-04T07:13:21: epoch=0 step=12680 loss=0.0000
2026-10-04T07:13:41: epoch=0 step=12700 loss=3.1889
2026-10-04T07:14:02: epoch=0 step=12720 loss=-0.0000
2026-10-04T07:14:23: epoch=0 step=12740 loss=0.0000
2026-10-04T07:14:43: epoch=0 step=12760 loss=0.0000
2026-10-04T07:15:05: epoch=0 step=12780 loss=0.0000
2026-10-04T07:15:26: epoch=0 step=12800 loss=0.0000
2026-10-04T07:15:46: epoch=0 step=12820 loss=0.0000
2026-10-04T07:16:07: epoch=0 step=12840 loss=0.0000
2026-10-04T07:16:27: epoch=0 step=12860 loss=0.5390
2026-10-04T07:16:48: epoch=0 step=12880 loss=0.0000
2026-10-04T07:17:09: epoch=0 step=12900 loss=0.0000
2026-10-04T07:17:30: epoch=0 step=12920 loss=0.0000
2026-10-04T07:17:51: epoch=0 step=12940 loss=0.0000
2026-10-04T07:18:12: epoch=0 step=12960 loss=0.0000
2026-10-04T07:18:33: epoch=0 step=12980 loss=0.0000
2026-10-04T07:18:54: epoch=0 step=13000 loss=0.0000
2026-10-04T07:19:14: epoch=0 step=13020 loss=0.0000
2026-10-04T07:19:35: epoch=0 step=13040 loss=0.4201
2026-10-04T07:19:56: epoch=0 step=13060 loss=0.0000
2026-10-04T07:20:16: epoch=0 step=13080 loss=0.0000
2026-10-04T07:20:37: epoch=0 step=13100 loss=0.0000
2026-10-04T07:20:57: epoch=0 step=13120 loss=0.0005
2026-10-04T07:21:17: epoch=0 step=13140 loss=0.3341
2026-10-04T07:21:38: epoch=0 step=13160 loss=0.0000
2026-10-04T07:21:58: epoch=0 step=13180 loss=0.0000
2026-10-04T07:22:19: epoch=0 step=13200 loss=0.0605
2026-10-04T07:22:39: epoch=0 step=13220 loss=0.0000
2026-10-04T07:22:59: epoch=0 step=13240 loss=0.0000
2026-10-04T07:23:20: epoch=0 step=13260 loss=0.0000
2026-10-04T07:23:41: epoch=0 step=13280 loss=0.0000
2026-10-04T07:24:01: epoch=0 step=13300 loss=0.0000
2026-10-04T07:24:22: epoch=0 step=13320 loss=0.0000
2026-10-04T07:24:41: epoch=0 step=13340 loss=0.0008
2026-10-04T07:25:02: epoch=0 step=13360 loss=0.0062
2026-10-04T07:25:22: epoch=0 step=13380 loss=0.0000
2026-10-04T07:25:43: epoch=0 step=13400 loss=0.0000
2026-10-04T07:26:04: epoch=0 step=13420 loss=0.0000
2026-10-04T07:26:24: epoch=0 step=13440 loss=1.9645
2026-10-04T07:26:44: epoch=0 step=13460 loss=0.0000
2026-10-04T07:27:05: epoch=0 step=13480 loss=0.0000
2026-10-04T07:27:25: epoch=0 step=13500 loss=0.0000
2026-10-04T07:27:46: epoch=0 step=13520 loss=0.0000
2026-10-04T07:28:06: epoch=0 step=13540 loss=0.0000
2026-10-04T07:28:27: epoch=0 step=13560 loss=0.0000
2026-10-04T07:28:47: epoch=0 step=13580 loss=0.0000
2026-10-04T07:29:07: epoch=0 step=13600 loss=0.0000
2026-10-04T07:29:27: epoch=0 step=13620 loss=0.0000
2026-10-04T07:29:48: epoch=0 step=13640 loss=0.0704
2026-10-04T07:30:07: epoch=0 step=13660 loss=0.0000
2026-10-04T07:30:28: epoch=0 step=13680 loss=-0.0000
2026-10-04T07:30:48: epoch=0 step=13700 loss=0.0000
2026-10-04T07:31:09: epoch=0 step=13720 loss=0.0000
2026-10-04T07:31:29: epoch=0 step=13740 loss=0.0000
2026-10-04T07:31:50: epoch=0 step=13760 loss=0.0000
2026-10-04T07:32:11: epoch=0 step=13780 loss=0.0000
2026-10-04T07:32:33: epoch=0 step=13800 loss=0.0003
2026-10-04T07:32:53: epoch=0 step=13820 loss=0.0000
2026-10-04T07:33:14: epoch=0 step=13840 loss=0.0001
2026-10-04T07:33:34: epoch=0 step=13860 loss=0.0000
2026-10-04T07:33:55: epoch=0 step=13880 loss=0.0000
2026-10-04T07:34:16: epoch=0 step=13900 loss=0.0000
2026-10-04T07:34:37: epoch=0 step=13920 loss=0.0000
2026-10-04T07:34:58: epoch=0 step=13940 loss=0.1686
2026-10-04T07:35:20: epoch=0 step=13960 loss=0.0000
2026-10-04T07:35:40: epoch=0 step=13980 loss=0.3397
2026-10-04T07:36:01: epoch=0 step=14000 loss=0.0000
2026-10-04T07:36:22: epoch=0 step=14020 loss=0.0000
2026-10-04T07:36:42: epoch=0 step=14040 loss=0.0000
2026-10-04T07:37:03: epoch=0 step=14060 loss=0.0000
2026-10-04T07:37:23: epoch=0 step=14080 loss=0.0000
2026-10-04T07:37:44: epoch=0 step=14100 loss=0.4522
2026-10-04T07:38:05: epoch=0 step=14120 loss=0.0008
2026-10-04T07:38:25: epoch=0 step=14140 loss=0.0297
2026-10-04T07:38:46: epoch=0 step=14160 loss=0.0000
2026-10-04T07:39:08: epoch=0 step=14180 loss=0.0000
2026-10-04T07:39:29: epoch=0 step=14200 loss=0.0000
2026-10-04T07:39:50: epoch=0 step=14220 loss=0.3893
2026-10-04T07:40:10: epoch=0 step=14240 loss=0.0000
2026-10-04T07:40:32: epoch=0 step=14260 loss=0.0000
2026-10-04T07:40:53: epoch=0 step=14280 loss=0.0001
2026-10-04T07:41:14: epoch=0 step=14300 loss=0.0000
2026-10-04T07:41:35: epoch=0 step=14320 loss=0.0000
2026-10-04T07:41:55: epoch=0 step=14340 loss=0.0000
2026-10-04T07:42:16: epoch=0 step=14360 loss=0.0000
2026-10-04T07:42:36: epoch=0 step=14380 loss=0.0000
2026-10-04T07:42:57: epoch=0 step=14400 loss=0.0000
2026-10-04T07:43:18: epoch=0 step=14420 loss=0.0000
2026-10-04T07:43:40: epoch=0 step=14440 loss=0.0000
2026-10-04T07:44:01: epoch=0 step=14460 loss=0.0000
2026-10-04T07:44:22: epoch=0 step=14480 loss=0.0000
2026-10-04T07:44:43: epoch=0 step=14500 loss=0.0000
2026-10-04T07:45:04: epoch=0 step=14520 loss=0.0000
2026-10-04T07:45:25: epoch=0 step=14540 loss=0.0000
2026-10-04T07:45:46: epoch=0 step=14560 loss=0.0000
2026-10-04T07:46:07: epoch=0 step=14580 loss=0.0000
2026-10-04T07:46:28: epoch=0 step=14600 loss=0.0002
2026-10-04T07:46:49: epoch=0 step=14620 loss=0.1964
2026-10-04T07:47:09: epoch=0 step=14640 loss=0.0000
2026-10-04T07:47:30: epoch=0 step=14660 loss=0.0000
2026-10-04T07:47:51: epoch=0 step=14680 loss=0.0000
2026-10-04T07:48:12: epoch=0 step=14700 loss=0.0000
2026-10-04T07:48:33: epoch=0 step=14720 loss=0.0000
2026-10-04T07:48:53: epoch=0 step=14740 loss=0.0000
2026-10-04T07:49:14: epoch=0 step=14760 loss=0.0000
2026-10-04T07:49:35: epoch=0 step=14780 loss=0.0000
2026-10-04T07:49:54: epoch=0 step=14800 loss=0.0000
2026-10-04T07:50:15: epoch=0 step=14820 loss=0.0000
2026-10-04T07:50:35: epoch=0 step=14840 loss=0.0000
2026-10-04T07:50:56: epoch=0 step=14860 loss=0.0001
2026-10-04T07:51:17: epoch=0 step=14880 loss=0.0719
2026-10-04T07:51:38: epoch=0 step=14900 loss=0.0000
2026-10-04T07:51:58: epoch=0 step=14920 loss=0.0000
2026-10-04T07:52:18: epoch=0 step=14940 loss=0.0000
2026-10-04T07:52:38: epoch=0 step=14960 loss=0.0000
2026-10-04T07:52:58: epoch=0 step=14980 loss=0.0000
2026-10-04T07:53:18: epoch=0 step=15000 loss=0.0000
2026-10-04T07:53:39: epoch=0 step=15020 loss=0.0000
2026-10-04T07:54:00: epoch=0 step=15040 loss=0.0027
2026-10-04T07:54:20: epoch=0 step=15060 loss=0.0481
2026-10-04T07:54:40: epoch=0 step=15080 loss=0.0000
2026-10-04T07:55:01: epoch=0 step=15100 loss=2.8218
2026-10-04T07:55:22: epoch=0 step=15120 loss=0.2210
2026-10-04T07:55:42: epoch=0 step=15140 loss=0.0000
2026-10-04T07:56:03: epoch=0 step=15160 loss=0.2575
2026-10-04T07:56:24: epoch=0 step=15180 loss=0.0000
2026-10-04T07:56:45: epoch=0 step=15200 loss=0.0067
2026-10-04T07:57:06: epoch=0 step=15220 loss=0.0000
2026-10-04T07:57:27: epoch=0 step=15240 loss=0.0000
2026-10-04T07:57:48: epoch=0 step=15260 loss=0.0000
2026-10-04T07:58:08: epoch=0 step=15280 loss=0.0000
2026-10-04T07:58:30: epoch=0 step=15300 loss=0.0000
2026-10-04T07:58:51: epoch=0 step=15320 loss=0.0000
2026-10-04T07:59:13: epoch=0 step=15340 loss=0.0000
2026-10-04T07:59:35: epoch=0 step=15360 loss=0.0000
2026-10-04T07:59:54: epoch=0 step=15380 loss=0.0000
2026-10-04T08:00:15: epoch=0 step=15400 loss=0.0000
2026-10-04T08:00:36: epoch=0 step=15420 loss=0.0245
2026-10-04T08:00:56: epoch=0 step=15440 loss=0.0002
2026-10-04T08:01:17: epoch=0 step=15460 loss=0.0000
2026-10-04T08:01:37: epoch=0 step=15480 loss=0.0800
2026-10-04T08:01:58: epoch=0 step=15500 loss=0.0000
2026-10-04T08:02:20: epoch=0 step=15520 loss=0.0000
2026-10-04T08:02:41: epoch=0 step=15540 loss=0.0000
2026-10-04T08:03:02: epoch=0 step=15560 loss=0.0000
2026-10-04T08:03:23: epoch=0 step=15580 loss=0.0000
2026-10-04T08:03:43: epoch=0 step=15600 loss=0.2529
2026-10-04T08:04:05: epoch=0 step=15620 loss=0.0000
2026-10-04T08:04:25: epoch=0 step=15640 loss=0.0000
2026-10-04T08:04:46: epoch=0 step=15660 loss=0.0000
2026-10-04T08:05:08: epoch=0 step=15680 loss=0.0000
2026-10-04T08:05:29: epoch=0 step=15700 loss=0.0000
2026-10-04T08:05:49: epoch=0 step=15720 loss=0.7035
2026-10-04T08:06:10: epoch=0 step=15740 loss=0.0000
2026-10-04T08:06:31: epoch=0 step=15760 loss=0.0000
2026-10-04T08:06:51: epoch=0 step=15780 loss=0.0000
2026-10-04T08:07:12: epoch=0 step=15800 loss=0.3227
2026-10-04T08:07:32: epoch=0 step=15820 loss=1.3566
2026-10-04T08:07:53: epoch=0 step=15840 loss=0.0000
2026-10-04T08:08:15: epoch=0 step=15860 loss=0.0000
2026-10-04T08:08:36: epoch=0 step=15880 loss=0.0003
2026-10-04T08:08:58: epoch=0 step=15900 loss=0.0000
2026-10-04T08:09:18: epoch=0 step=15920 loss=0.0000
2026-10-04T08:09:39: epoch=0 step=15940 loss=-0.0000
2026-10-04T08:10:00: epoch=0 step=15960 loss=0.0000
2026-10-04T08:10:21: epoch=0 step=15980 loss=0.5191
2026-10-04T08:10:41: epoch=0 step=16000 loss=0.0000
2026-10-04T08:11:01: epoch=0 step=16020 loss=0.0000
2026-10-04T08:11:21: epoch=0 step=16040 loss=0.0000
2026-10-04T08:11:42: epoch=0 step=16060 loss=0.0000
2026-10-04T08:12:03: epoch=0 step=16080 loss=0.0000
2026-10-04T08:12:25: epoch=0 step=16100 loss=0.0000
2026-10-04T08:12:46: epoch=0 step=16120 loss=0.0000
2026-10-04T08:13:07: epoch=0 step=16140 loss=0.0000
2026-10-04T08:13:28: epoch=0 step=16160 loss=1.4751
2026-10-04T08:13:48: epoch=0 step=16180 loss=0.0000
2026-10-04T08:14:10: epoch=0 step=16200 loss=0.3919
2026-10-04T08:14:31: epoch=0 step=16220 loss=0.0000
2026-10-04T08:14:51: epoch=0 step=16240 loss=0.0000
2026-10-04T08:15:12: epoch=0 step=16260 loss=0.0006
2026-10-04T08:15:32: epoch=0 step=16280 loss=0.0001
2026-10-04T08:15:53: epoch=0 step=16300 loss=0.0000
2026-10-04T08:16:14: epoch=0 step=16320 loss=0.0000
2026-10-04T08:16:34: epoch=0 step=16340 loss=0.0000
2026-10-04T08:16:56: epoch=0 step=16360 loss=0.0002
2026-10-04T08:17:17: epoch=0 step=16380 loss=0.0000
2026-10-04T08:17:38: epoch=0 step=16400 loss=0.0000
2026-10-04T08:18:00: epoch=0 step=16420 loss=0.0000
2026-10-04T08:18:21: epoch=0 step=16440 loss=0.0000
2026-10-04T08:18:42: epoch=0 step=16460 loss=0.0000
2026-10-04T08:19:03: epoch=0 step=16480 loss=0.0000
2026-10-04T08:19:25: epoch=0 step=16500 loss=0.0003
2026-10-04T08:19:46: epoch=0 step=16520 loss=0.0000
2026-10-04T08:20:08: epoch=0 step=16540 loss=0.0000
2026-10-04T08:20:29: epoch=0 step=16560 loss=0.0000
2026-10-04T08:20:50: epoch=0 step=16580 loss=0.0000
2026-10-04T08:21:10: epoch=0 step=16600 loss=0.0000
2026-10-04T08:21:31: epoch=0 step=16620 loss=0.0000
2026-10-04T08:21:53: epoch=0 step=16640 loss=0.0000
2026-10-04T08:22:13: epoch=0 step=16660 loss=0.0000
2026-10-04T08:22:34: epoch=0 step=16680 loss=0.0000
2026-10-04T08:22:54: epoch=0 step=16700 loss=0.0000
2026-10-04T08:23:15: epoch=0 step=16720 loss=0.1636
2026-10-04T08:23:36: epoch=0 step=16740 loss=0.0000
2026-10-04T08:23:57: epoch=0 step=16760 loss=0.0000
2026-10-04T08:24:18: epoch=0 step=16780 loss=0.0000
2026-10-04T08:24:39: epoch=0 step=16800 loss=0.0000
2026-10-04T08:25:00: epoch=0 step=16820 loss=0.0000
2026-10-04T08:25:22: epoch=0 step=16840 loss=0.0000
2026-10-04T08:25:43: epoch=0 step=16860 loss=0.0000
2026-10-04T08:26:04: epoch=0 step=16880 loss=0.0000
2026-10-04T08:26:25: epoch=0 step=16900 loss=0.2200
2026-10-04T08:26:46: epoch=0 step=16920 loss=0.0000
2026-10-04T08:27:07: epoch=0 step=16940 loss=0.4610
2026-10-04T08:27:28: epoch=0 step=16960 loss=0.0001
2026-10-04T08:27:49: epoch=0 step=16980 loss=0.0000
2026-10-04T08:28:11: epoch=0 step=17000 loss=0.0000
2026-10-04T08:28:32: epoch=0 step=17020 loss=0.0056
2026-10-04T08:28:53: epoch=0 step=17040 loss=0.0000
2026-10-04T08:29:15: epoch=0 step=17060 loss=0.0000
2026-10-04T08:29:35: epoch=0 step=17080 loss=0.0000
2026-10-04T08:29:56: epoch=0 step=17100 loss=0.0000
2026-10-04T08:30:18: epoch=0 step=17120 loss=0.0000
2026-10-04T08:30:39: epoch=0 step=17140 loss=0.0000
2026-10-04T08:31:00: epoch=0 step=17160 loss=1.6929
2026-10-04T08:31:21: epoch=0 step=17180 loss=0.0000
2026-10-04T08:31:42: epoch=0 step=17200 loss=0.1798
2026-10-04T08:32:03: epoch=0 step=17220 loss=0.0000
2026-10-04T08:32:25: epoch=0 step=17240 loss=0.3383
2026-10-04T08:32:46: epoch=0 step=17260 loss=0.0000
2026-10-04T08:33:08: epoch=0 step=17280 loss=2.0978
2026-10-04T08:33:28: epoch=0 step=17300 loss=0.6298
2026-10-04T08:33:50: epoch=0 step=17320 loss=0.0000
2026-10-04T08:34:11: epoch=0 step=17340 loss=0.0000
2026-10-04T08:34:32: epoch=0 step=17360 loss=0.4475
2026-10-04T08:34:52: epoch=0 step=17380 loss=0.0070
2026-10-04T08:35:12: epoch=0 step=17400 loss=0.1297
2026-10-04T08:35:33: epoch=0 step=17420 loss=0.0000
2026-10-04T08:35:55: epoch=0 step=17440 loss=0.0000
2026-10-04T08:36:16: epoch=0 step=17460 loss=0.0000
2026-10-04T08:36:36: epoch=0 step=17480 loss=0.0000
2026-10-04T08:36:57: epoch=0 step=17500 loss=0.0156
2026-10-04T08:37:18: epoch=0 step=17520 loss=0.0000
2026-10-04T08:37:39: epoch=0 step=17540 loss=0.0000
2026-10-04T08:38:00: epoch=0 step=17560 loss=0.0000
2026-10-04T08:38:21: epoch=0 step=17580 loss=0.0000
2026-10-04T08:38:42: epoch=0 step=17600 loss=0.0000
2026-10-04T08:39:03: epoch=0 step=17620 loss=0.0000
2026-10-04T08:39:24: epoch=0 step=17640 loss=0.0000
2026-10-04T08:39:45: epoch=0 step=17660 loss=0.0000
2026-10-04T08:40:05: epoch=0 step=17680 loss=0.0000
2026-10-04T08:40:26: epoch=0 step=17700 loss=0.0000
2026-10-04T08:40:46: epoch=0 step=17720 loss=-0.0000
2026-10-04T08:41:06: epoch=0 step=17740 loss=0.0000
2026-10-04T08:41:27: epoch=0 step=17760 loss=0.0000
2026-10-04T08:41:49: epoch=0 step=17780 loss=-0.0000
2026-10-04T08:42:10: epoch=0 step=17800 loss=0.0000
2026-10-04T08:42:32: epoch=0 step=17820 loss=0.0000
2026-10-04T08:42:52: epoch=0 step=17840 loss=0.0000
2026-10-04T08:43:12: epoch=0 step=17860 loss=0.0000
2026-10-04T08:43:34: epoch=0 step=17880 loss=0.0000
2026-10-04T08:43:55: epoch=0 step=17900 loss=0.2876
2026-10-04T08:44:17: epoch=0 step=17920 loss=0.0000
2026-10-04T08:44:38: epoch=0 step=17940 loss=0.0000
2026-10-04T08:44:59: epoch=0 step=17960 loss=0.0000
2026-10-04T08:45:20: epoch=0 step=17980 loss=0.0001
2026-10-04T08:45:41: epoch=0 step=18000 loss=0.0000
2026-10-04T08:46:01: epoch=0 step=18020 loss=0.0630
2026-10-04T08:46:22: epoch=0 step=18040 loss=0.0000
2026-10-04T08:46:43: epoch=0 step=18060 loss=0.0000
2026-10-04T08:47:04: epoch=0 step=18080 loss=0.0000
2026-10-04T08:47:24: epoch=0 step=18100 loss=0.1334
2026-10-04T08:47:45: epoch=0 step=18120 loss=0.0000
2026-10-04T08:48:07: epoch=0 step=18140 loss=0.0000
2026-10-04T08:48:28: epoch=0 step=18160 loss=0.0281
2026-10-04T08:48:49: epoch=0 step=18180 loss=0.0098
2026-10-04T08:49:11: epoch=0 step=18200 loss=0.0000
2026-10-04T08:49:32: epoch=0 step=18220 loss=0.0001
2026-10-04T08:49:53: epoch=0 step=18240 loss=0.0000
2026-10-04T08:50:15: epoch=0 step=18260 loss=0.0000
2026-10-04T08:50:36: epoch=0 step=18280 loss=0.0000
2026-10-04T08:50:58: epoch=0 step=18300 loss=0.0000
2026-10-04T08:51:19: epoch=0 step=18320 loss=0.0040
2026-10-04T08:51:40: epoch=0 step=18340 loss=0.0000
2026-10-04T08:52:01: epoch=0 step=18360 loss=0.0000
2026-10-04T08:52:22: epoch=0 step=18380 loss=0.0000
2026-10-04T08:52:50: loading ebobo/m-0e98bd7f@5824c0e82d99edb1b1aafc2ba424f564bd277c72 via DiffusionGemmaForBlockDiffusion
2026-10-04T08:52:50: tokenizer google/diffusiongemma-26B-A4B-it@f7f5b7f5fa82ffc52addd066915886d497f5517b (serve parity)
2026-10-04T08:52:53: quantize=4bit
2026-10-04T08:55:30: gradient checkpointing: on
2026-10-04T08:55:31: LoRA attached: trainable=74,342,400 / total=25,614,664,752
2026-10-04T08:55:52: epoch=0 step=20 loss=1.0346
2026-10-04T08:56:13: epoch=0 step=40 loss=0.0000
2026-10-04T08:56:34: epoch=0 step=60 loss=0.0000
2026-10-04T08:56:55: epoch=0 step=80 loss=0.0001
2026-10-04T08:57:16: epoch=0 step=100 loss=0.0001
2026-10-04T08:57:36: epoch=0 step=120 loss=0.0000
2026-10-04T08:57:57: epoch=0 step=140 loss=0.0003
2026-10-04T08:58:17: epoch=0 step=160 loss=0.0000
2026-10-04T08:58:38: epoch=0 step=180 loss=0.0039
2026-10-04T08:59:00: epoch=0 step=200 loss=0.6548
2026-10-04T08:59:20: epoch=0 step=220 loss=0.0006
2026-10-04T08:59:42: epoch=0 step=240 loss=0.0001
2026-10-04T09:00:05: epoch=0 step=260 loss=0.0005
2026-10-04T09:00:25: epoch=0 step=280 loss=0.0006
2026-10-04T09:00:47: epoch=0 step=300 loss=0.5601
2026-10-04T09:01:08: epoch=0 step=320 loss=0.0006
2026-10-04T09:01:29: epoch=0 step=340 loss=0.0004
2026-10-04T09:01:51: epoch=0 step=360 loss=0.0000
2026-10-04T09:02:12: epoch=0 step=380 loss=0.0002
2026-10-04T09:02:34: epoch=0 step=400 loss=0.0001
2026-10-04T09:02:56: epoch=0 step=420 loss=0.1241
2026-10-04T09:03:16: epoch=0 step=440 loss=0.0000
2026-10-04T09:03:37: epoch=0 step=460 loss=0.0002
2026-10-04T09:03:59: epoch=0 step=480 loss=0.3293
2026-10-04T09:04:20: epoch=0 step=500 loss=0.0005
2026-10-04T09:04:21: saved adapter → adapters/harness_lora (step=500, checkpoint)
2026-10-04T09:04:43: epoch=0 step=520 loss=0.1418
2026-10-04T09:05:04: epoch=0 step=540 loss=0.0030
2026-10-04T09:05:26: epoch=0 step=560 loss=0.0310
2026-10-04T09:05:48: epoch=0 step=580 loss=0.0003
2026-10-04T09:06:08: epoch=0 step=600 loss=0.0001
2026-10-04T09:06:30: epoch=0 step=620 loss=0.0160
2026-10-04T09:06:52: epoch=0 step=640 loss=7.0986
2026-10-04T09:07:13: epoch=0 step=660 loss=0.0133
2026-10-04T09:07:34: epoch=0 step=680 loss=0.1794
2026-10-04T09:07:55: epoch=0 step=700 loss=0.0011
2026-10-04T09:08:16: epoch=0 step=720 loss=0.0000
2026-10-04T09:08:37: epoch=0 step=740 loss=0.0000
2026-10-04T09:08:58: epoch=0 step=760 loss=3.5135
2026-10-04T09:09:20: epoch=0 step=780 loss=0.3359
2026-10-04T09:09:42: epoch=0 step=800 loss=0.0008
2026-10-04T09:10:03: epoch=0 step=820 loss=0.0546
2026-10-04T09:10:25: epoch=0 step=840 loss=0.0000
2026-10-04T09:10:46: epoch=0 step=860 loss=0.0000
2026-10-04T09:11:08: epoch=0 step=880 loss=0.0000
2026-10-04T09:11:29: epoch=0 step=900 loss=0.0000
2026-10-04T09:11:50: epoch=0 step=920 loss=0.0000
2026-10-04T09:12:10: epoch=0 step=940 loss=0.0000
2026-10-04T09:12:31: epoch=0 step=960 loss=0.0003
2026-10-04T09:12:52: epoch=0 step=980 loss=0.0000
2026-10-04T09:13:13: epoch=0 step=1000 loss=0.0000
2026-10-04T09:13:14: saved adapter → adapters/harness_lora (step=1000, checkpoint)
2026-10-04T09:13:35: epoch=0 step=1020 loss=0.0000
2026-10-04T09:13:56: epoch=0 step=1040 loss=0.0000
2026-10-04T09:14:18: epoch=0 step=1060 loss=0.0000
2026-10-04T09:14:39: epoch=0 step=1080 loss=0.0015
2026-10-04T09:14:59: epoch=0 step=1100 loss=0.0000
2026-10-04T09:15:20: epoch=0 step=1120 loss=0.0000
2026-10-04T09:15:42: epoch=0 step=1140 loss=0.0000
2026-10-04T09:16:04: epoch=0 step=1160 loss=0.0015
2026-10-04T09:16:25: epoch=0 step=1180 loss=0.0000
2026-10-04T09:16:46: epoch=0 step=1200 loss=0.0199
2026-10-04T09:17:06: epoch=0 step=1220 loss=0.0079
2026-10-04T09:17:25: epoch=0 step=1240 loss=0.0002
2026-10-04T09:17:46: epoch=0 step=1260 loss=0.0001
2026-10-04T09:18:07: epoch=0 step=1280 loss=0.0000
2026-10-04T09:18:27: epoch=0 step=1300 loss=0.4814
2026-10-04T09:18:48: epoch=0 step=1320 loss=0.0003
2026-10-04T09:19:08: epoch=0 step=1340 loss=0.0000
2026-10-04T09:19:28: epoch=0 step=1360 loss=2.7237
2026-10-04T09:19:48: epoch=0 step=1380 loss=0.0000
2026-10-04T09:20:09: epoch=0 step=1400 loss=0.2882
2026-10-04T09:20:29: epoch=0 step=1420 loss=0.0000
2026-10-04T09:20:50: epoch=0 step=1440 loss=0.0726
2026-10-04T09:21:10: epoch=0 step=1460 loss=0.0709
2026-10-04T09:21:31: epoch=0 step=1480 loss=0.0001
2026-10-04T09:21:52: epoch=0 step=1500 loss=0.0000
2026-10-04T09:21:53: saved adapter → adapters/harness_lora (step=1500, checkpoint)
2026-10-04T09:22:14: epoch=0 step=1520 loss=0.0000
2026-10-04T09:22:36: epoch=0 step=1540 loss=0.0000
2026-10-04T09:22:56: epoch=0 step=1560 loss=0.0000
2026-10-04T09:23:16: epoch=0 step=1580 loss=0.0000
2026-10-04T09:23:35: epoch=0 step=1600 loss=0.4884
2026-10-04T09:23:56: epoch=0 step=1620 loss=0.0017
2026-10-04T09:24:16: epoch=0 step=1640 loss=0.0014
2026-10-04T09:24:37: epoch=0 step=1660 loss=0.0000
2026-10-04T09:24:58: epoch=0 step=1680 loss=0.0000
2026-10-04T09:25:18: epoch=0 step=1700 loss=0.0000
2026-10-04T09:25:39: epoch=0 step=1720 loss=0.6815
2026-10-04T09:25:59: epoch=0 step=1740 loss=0.0000
2026-10-04T09:26:20: epoch=0 step=1760 loss=-0.0000
2026-10-04T09:26:40: epoch=0 step=1780 loss=0.0000
2026-10-04T09:27:01: epoch=0 step=1800 loss=0.0000
2026-10-04T09:27:21: epoch=0 step=1820 loss=0.0002
2026-10-04T09:27:42: epoch=0 step=1840 loss=-0.0000
2026-10-04T09:28:03: epoch=0 step=1860 loss=0.0000
2026-10-04T09:28:24: epoch=0 step=1880 loss=0.0000
2026-10-04T09:28:44: epoch=0 step=1900 loss=0.0000
2026-10-04T09:29:05: epoch=0 step=1920 loss=0.2346
2026-10-04T09:29:26: epoch=0 step=1940 loss=0.0000
2026-10-04T09:29:47: epoch=0 step=1960 loss=0.0000
2026-10-04T09:30:08: epoch=0 step=1980 loss=0.0000
2026-10-04T09:30:28: epoch=0 step=2000 loss=3.0142
2026-10-04T09:30:29: saved adapter → adapters/harness_lora (step=2000, checkpoint)
2026-10-04T09:30:30: saved adapter → adapters/harness_lora (step=2000, final)
