2026-10-04T02:08:49: loading ebobo/m-0e98bd7f@5824c0e82d99edb1b1aafc2ba424f564bd277c72 via DiffusionGemmaForBlockDiffusion
2026-10-04T02:08:49: tokenizer google/diffusiongemma-26B-A4B-it@f7f5b7f5fa82ffc52addd066915886d497f5517b (serve parity)
2026-10-04T02:08:59: LoRA attached: trainable=37,171,200 / total=25,860,950,064
2026-10-04T02:09:12: skip step: CUDA out of memory. Tried to allocate 1.45 GiB. GPU 0 has a total capacity of 94.97 GiB of which 1.02 GiB is free. Including non-PyTorch memory, this process has 93.53 GiB memory in use. Of the allocated memory 89.41 GiB is allocated by PyTorch, and 3.45 GiB is reserved by PyTorch but unallocated. If reserved but unallocated memory is large try setting PYTORCH_CUDA_ALLOC_CONF=expandable_segments:True to avoid fragmentation.  See documentation for Memory Management  (https://docs.pytorch.org/docs/stable/notes/cuda.html#optimizing-memory-usage-with-pytorch-cuda-alloc-conf)
2026-10-04T02:09:20: epoch=0 step=20 loss=0.0007
2026-10-04T02:09:30: skip step: CUDA out of memory. Tried to allocate 1.45 GiB. GPU 0 has a total capacity of 94.97 GiB of which 719.25 MiB is free. Including non-PyTorch memory, this process has 93.85 GiB memory in use. Of the allocated memory 89.22 GiB is allocated by PyTorch, and 3.95 GiB is reserved by PyTorch but unallocated. If reserved but unallocated memory is large try setting PYTORCH_CUDA_ALLOC_CONF=expandable_segments:True to avoid fragmentation.  See documentation for Memory Management  (https://docs.pytorch.org/docs/stable/notes/cuda.html#optimizing-memory-usage-with-pytorch-cuda-alloc-conf)
2026-10-04T02:09:40: epoch=0 step=40 loss=0.1349
2026-10-04T02:09:42: skip step: CUDA out of memory. Tried to allocate 376.00 MiB. GPU 0 has a total capacity of 94.97 GiB of which 373.25 MiB is free. Including non-PyTorch memory, this process has 94.19 GiB memory in use. Of the allocated memory 92.27 GiB is allocated by PyTorch, and 1.24 GiB is reserved by PyTorch but unallocated. If reserved but unallocated memory is large try setting PYTORCH_CUDA_ALLOC_CONF=expandable_segments:True to avoid fragmentation.  See documentation for Memory Management  (https://docs.pytorch.org/docs/stable/notes/cuda.html#optimizing-memory-usage-with-pytorch-cuda-alloc-conf)
2026-10-04T02:09:59: epoch=0 step=60 loss=0.0000
2026-10-04T02:13:28: loading ebobo/m-0e98bd7f@5824c0e82d99edb1b1aafc2ba424f564bd277c72 via DiffusionGemmaForBlockDiffusion
2026-10-04T02:13:28: tokenizer google/diffusiongemma-26B-A4B-it@f7f5b7f5fa82ffc52addd066915886d497f5517b (serve parity)
2026-10-04T02:16:09: gradient checkpointing: on
2026-10-04T02:16:09: LoRA attached: trainable=18,585,600 / total=25,558,907,952
2026-10-04T02:16:32: epoch=0 step=20 loss=0.3545
2026-10-04T02:16:54: epoch=0 step=40 loss=0.2012
2026-10-04T02:17:16: epoch=0 step=60 loss=0.0000
2026-10-04T02:17:38: epoch=0 step=80 loss=0.1493
2026-10-04T02:18:01: epoch=0 step=100 loss=0.0000
2026-10-04T02:18:22: epoch=0 step=120 loss=0.0000
2026-10-04T02:18:44: epoch=0 step=140 loss=0.0752
2026-10-04T02:19:07: epoch=0 step=160 loss=0.0001
2026-10-04T02:19:28: epoch=0 step=180 loss=0.3449
2026-10-04T02:19:50: epoch=0 step=200 loss=0.1053
2026-10-04T02:20:12: epoch=0 step=220 loss=0.1097
2026-10-04T02:20:35: epoch=0 step=240 loss=0.0000
2026-10-04T02:20:56: epoch=0 step=260 loss=0.1388
2026-10-04T02:21:19: epoch=0 step=280 loss=0.0002
2026-10-04T02:21:41: epoch=0 step=300 loss=0.0010
2026-10-04T02:22:04: epoch=0 step=320 loss=0.3614
2026-10-04T02:22:26: epoch=0 step=340 loss=0.0000
2026-10-04T02:22:48: epoch=0 step=360 loss=0.0000
2026-10-04T02:23:11: epoch=0 step=380 loss=0.5759
2026-10-04T02:23:32: epoch=0 step=400 loss=1.1414
2026-10-04T02:24:05: loading ebobo/m-0e98bd7f@5824c0e82d99edb1b1aafc2ba424f564bd277c72 via DiffusionGemmaForBlockDiffusion
2026-10-04T02:24:05: tokenizer google/diffusiongemma-26B-A4B-it@f7f5b7f5fa82ffc52addd066915886d497f5517b (serve parity)
2026-10-04T02:24:09: quantize=8bit
2026-10-04T02:27:40: loading ebobo/m-0e98bd7f@5824c0e82d99edb1b1aafc2ba424f564bd277c72 via DiffusionGemmaForBlockDiffusion
2026-10-04T02:27:40: tokenizer google/diffusiongemma-26B-A4B-it@f7f5b7f5fa82ffc52addd066915886d497f5517b (serve parity)
2026-10-04T02:27:43: quantize=4bit
2026-10-04T02:30:22: gradient checkpointing: on
2026-10-04T02:30:22: LoRA attached: trainable=74,342,400 / total=25,614,664,752
2026-10-04T02:30:45: epoch=0 step=20 loss=0.3462
2026-10-04T02:31:07: epoch=0 step=40 loss=0.1943
2026-10-04T02:31:29: epoch=0 step=60 loss=0.0000
2026-10-04T02:31:52: epoch=0 step=80 loss=0.1705
2026-10-04T02:32:15: epoch=0 step=100 loss=0.0000
2026-10-04T02:32:37: epoch=0 step=120 loss=0.0000
2026-10-04T02:33:01: epoch=0 step=140 loss=0.0763
2026-10-04T02:33:23: epoch=0 step=160 loss=0.0053
2026-10-04T02:33:45: epoch=0 step=180 loss=0.5172
2026-10-04T02:34:08: epoch=0 step=200 loss=0.1220
2026-10-04T02:34:29: epoch=0 step=220 loss=0.1064
2026-10-04T02:34:53: epoch=0 step=240 loss=0.0005
2026-10-04T02:35:15: epoch=0 step=260 loss=0.1571
2026-10-04T02:35:38: epoch=0 step=280 loss=0.0035
2026-10-04T02:36:00: epoch=0 step=300 loss=1.0932
2026-10-04T02:36:23: epoch=0 step=320 loss=0.5151
2026-10-04T02:36:44: epoch=0 step=340 loss=0.0028
2026-10-04T02:37:06: epoch=0 step=360 loss=0.0187
2026-10-04T02:37:29: epoch=0 step=380 loss=0.8542
2026-10-04T02:37:50: epoch=0 step=400 loss=0.7867
2026-10-04T02:38:12: epoch=0 step=420 loss=0.0066
2026-10-04T02:38:34: epoch=0 step=440 loss=0.1330
2026-10-04T02:38:57: epoch=0 step=460 loss=0.0004
2026-10-04T02:39:18: epoch=0 step=480 loss=0.1529
2026-10-04T02:39:41: epoch=0 step=500 loss=0.0263
2026-10-04T02:40:03: epoch=0 step=520 loss=1.9645
2026-10-04T02:40:24: epoch=0 step=540 loss=0.0037
2026-10-04T02:40:47: epoch=0 step=560 loss=0.3157
2026-10-04T02:41:08: epoch=0 step=580 loss=0.4713
2026-10-04T02:41:30: epoch=0 step=600 loss=0.1779
2026-10-04T02:41:52: epoch=0 step=620 loss=0.5143
2026-10-04T02:42:14: epoch=0 step=640 loss=0.0008
2026-10-04T02:42:36: epoch=0 step=660 loss=0.3192
2026-10-04T02:42:59: epoch=0 step=680 loss=0.4913
2026-10-04T02:43:20: epoch=0 step=700 loss=0.4262
2026-10-04T02:43:42: epoch=0 step=720 loss=0.0439
2026-10-04T02:44:03: epoch=0 step=740 loss=0.0026
2026-10-04T02:44:25: epoch=0 step=760 loss=1.6578
2026-10-04T02:44:48: epoch=0 step=780 loss=0.0071
2026-10-04T02:45:09: epoch=0 step=800 loss=0.0022
2026-10-04T02:45:32: epoch=0 step=820 loss=0.0005
2026-10-04T02:45:54: epoch=0 step=840 loss=0.0005
2026-10-04T02:46:16: epoch=0 step=860 loss=0.0133
2026-10-04T02:46:38: epoch=0 step=880 loss=0.0024
2026-10-04T02:47:01: epoch=0 step=900 loss=0.0013
2026-10-04T02:47:22: epoch=0 step=920 loss=0.0057
2026-10-04T02:47:43: epoch=0 step=940 loss=0.8186
2026-10-04T02:48:06: epoch=0 step=960 loss=0.0054
2026-10-04T02:48:27: epoch=0 step=980 loss=0.0014
2026-10-04T02:48:50: epoch=0 step=1000 loss=0.0589
2026-10-04T02:49:11: epoch=0 step=1020 loss=0.2313
2026-10-04T02:49:34: epoch=0 step=1040 loss=0.0045
2026-10-04T02:49:56: epoch=0 step=1060 loss=0.0012
2026-10-04T02:50:18: epoch=0 step=1080 loss=0.1991
2026-10-04T02:50:40: epoch=0 step=1100 loss=0.0021
2026-10-04T02:51:02: epoch=0 step=1120 loss=0.0009
2026-10-04T02:51:24: epoch=0 step=1140 loss=0.0022
2026-10-04T02:51:45: epoch=0 step=1160 loss=0.1692
2026-10-04T02:52:08: epoch=0 step=1180 loss=0.0006
2026-10-04T02:52:29: epoch=0 step=1200 loss=0.0891
2026-10-04T02:52:52: epoch=0 step=1220 loss=0.0292
2026-10-04T02:53:14: epoch=0 step=1240 loss=0.4607
2026-10-04T02:53:36: epoch=0 step=1260 loss=0.1044
2026-10-04T02:53:57: epoch=0 step=1280 loss=0.0075
2026-10-04T02:54:19: epoch=0 step=1300 loss=0.6333
2026-10-04T02:54:40: epoch=0 step=1320 loss=0.0002
2026-10-04T02:55:01: epoch=0 step=1340 loss=0.0171
2026-10-04T02:55:23: epoch=0 step=1360 loss=0.0016
2026-10-04T02:55:44: epoch=0 step=1380 loss=0.0035
2026-10-04T02:56:06: epoch=0 step=1400 loss=0.0630
2026-10-04T02:56:27: epoch=0 step=1420 loss=0.3248
2026-10-04T02:56:49: epoch=0 step=1440 loss=0.0108
2026-10-04T02:57:10: epoch=0 step=1460 loss=0.0008
2026-10-04T02:57:33: epoch=0 step=1480 loss=0.0046
2026-10-04T02:57:54: epoch=0 step=1500 loss=0.0016
2026-10-04T02:58:15: epoch=0 step=1520 loss=0.6258
2026-10-04T02:58:38: epoch=0 step=1540 loss=0.0091
2026-10-04T02:58:59: epoch=0 step=1560 loss=0.0002
2026-10-04T02:59:22: epoch=0 step=1580 loss=0.0055
2026-10-04T02:59:44: epoch=0 step=1600 loss=0.0363
2026-10-04T03:00:07: epoch=0 step=1620 loss=0.0027
2026-10-04T03:00:28: epoch=0 step=1640 loss=0.4671
2026-10-04T03:00:52: epoch=0 step=1660 loss=0.1431
2026-10-04T03:01:13: epoch=0 step=1680 loss=0.2380
2026-10-04T03:01:35: epoch=0 step=1700 loss=0.8676
2026-10-04T03:01:57: epoch=0 step=1720 loss=0.0009
2026-10-04T03:02:18: epoch=0 step=1740 loss=0.0017
2026-10-04T03:02:40: epoch=0 step=1760 loss=0.8880
2026-10-04T03:03:01: epoch=0 step=1780 loss=0.0028
